Case Number 1
   Luxembourg   0
Case Number 2
   Spain   382
   Portugal   416
   France   1325
Case Number 3
   Belgium   2
   Netherlands   2
Case Number 4
   Alpha   2167
   Beta   2167
   Delta   2167
   Gamma   2167
Case Number 5
   Gamma   2140
   Beta   2708
   Delta   4949
   Alpha   6709
Case Number 6
   Alpha   1386
   Delta   1386
   Beta   1393
   Gamma   1393
Case Number 7
   B   9500
   D   9500
   F   9500
   H   9500
   J   9500
   L   9500
   N   9500
   Q   9500
   C   10588
   G   10588
   K   10588
   P   10588
   A   10689
   E   10689
   I   10689
   M   10689
   R   13573
   S   13573
   T   13573
   U   13573
