
WE
EEEEE
EWWEEEEWWW
WWEWEEWE
EEWEEEEWEEWEEEWW
EWWEEEWWE
EEWWEWEEWWWEE
EEWWEWEWWWWWWWW
EEWWWWWWWE
EEWEEEWWEW
WWWEEWE
EWWEEWWWWE
EWWEEEEEWE
EWWEWEEWEEWEW
EWEEWWWWEEWWEWEWW
EWEEWWEWEWW
EWEEWWWEW
EWWWWEWEEW
WEWWEEE
EWWWWEEWWEWEE
WEEEEEWEEWWEEW
WEEEWEEEE
EWEWWWWEE
EWEWWWWEEWEEWW
EEEWWEEEWW
WEWWWEEW
EWEWEEEWW
WWWWEW
EWEWWEEWWEWEEWEE
EWEEEWW
EEEWWWEEWWWEEE
WEEEEWWWEWEWE
WEWEEEEEWEEEWE
WEEEWWWWW
WWWEEWEWWWE
WEEWWEWWWWEEWEWW
WEWEEEEEE
WEEWWEWWWEWWEWW
WEWEEEEWE
WEEWWEWWWEEWWWWWEE
WEWEWWWE
WEEEEWWEWW
WWWWWWE
EWWEEWWWWE
WEWWWW
EEEEEWWEEW
EEEWWWE
WEEWWEWEEWWW
EEWEWWEEEWEWEEEWW
WWEW
EEWEWWEWWEE
WEEWEEWWEE
WWWWEWW
WWEE
WEEEEWEEWE
WEWWEWEWEEW
WWWWEEWEEWWWEE
WEWWWWEEEEEWEW
WWWEWWEEEW
WWWWEEWEEWWWE
WWWEWEEWWWEEEWW
EWEEWWEW
EEEEWWEWWEE
EWWWEWWWE
EWEWWWEWWWWWEEEEEW
WEEWEWEE
WEWWEEEE
WEWEWW
WWEWEWWEE
EWEWWWWWWEEWWEE
WEEWWEEW
EWWEWWWWE
EWEWEWEWEWEWEWEWEWEWEWEWEWEWEWEWEWEWEWEWEWEWEWEWEWEWEWEWEWEWEWEWEWEWEWEWEWEWEWEWEWEWEWEWEWEWEWEWEWEWEWEWEWEWEWEWEWEWEWEWEWEWEWEWEWEWEWEWEWEWEWEWEWEWEWEWEWEWEWEWEWEWEWEWEWEWEWEWEWEWEWEWEWEWEWEWEWEWEWEWEWEWEWEWEWEWEWEWEWEWEWEWEWEWEWEWEWEWEWEWEWEWEWEWEWEWEWEWEWEWEWEWEWEWEWEWEWEWEWEWEWEWEWEWEWEWEWEWEWEWEWEWEWEWEWEWEWEWEWEWEWEWEWEWEWEWEWEWEWEWEWEWEWEWEWEWEWEWEWEWEWEWEWEWEWEWEWEWEWEWEWEWEWEWEWEWEWEWEWEWEWEWEWEWEWEWEWEWEWEWEWEWEWEWEWEWEWEWEWEWEWEWEWEWEWEWEWEWEWEWEWEWEWEWEWEWEWEWEWEWEWEWEWEWEWEWEWEWEWEWEWEWEWEWEWEWEWEWEWEWEWEWEWEWEWEWEWEWEWEWEWEWEWEWEWEWEWEWEWEWEWEWEWEWEWEWEWEWEWEWEWEWEWEWEWEWEWEWEWEWEWEWEWEWEWEWEWEWEWEWEWEWEWEWEWEWEWEWEWEWEWEWEWEWEWEWEWEWEWEWEWEWEWEWEWEWEWEWEWEWEWEWEWEWEWEWEWEWEWEWEWEWEWEWEWEWEWEWEWEWEWEWEWEWEWEWEWEWEWEWEWEWEWEWEWEWEWEWEWEWEWEWEWEWEWEWEWEWEWEWEWEWEWEWEWEWEWEWEWEWEWEWEWEWEWEWEWEWEWEWEWEWEWEWEWEWEWEWEWEWEWEWEWEWEWEWEWEWEWEWEWEWEWEWEWEWEWEWEWEWEWEWEWEWEWEWEWEWEWEWEWEWEWEWEWEWEWEWEWEWEWEWEWEWEWEWEWEWEWEWEWEWEWEWEWEWEWEWEWEWEWEWEWEWEWEWEWEWEWEWEWEWEWEWEWEWEWEWEWE
